// Jest Snapshot v1, https://goo.gl/fbAQLP

exports[`About About renders correctly 1`] = `<About />`;

exports[`About should render About correctly with shallow 1`] = `
ShallowWrapper {
  "complexSelector": ComplexSelector {
    "buildPredicate": [Function],
    "childrenOfNode": [Function],
    "findWhereUnwrapped": [Function],
  },
  "length": 1,
  "node": <div>
    <h1>
      About us
    </h1>
    <p>
      Currency Converter App
    </p>
  </div>,
  "nodes": Array [
    <div>
      <h1>
        About us
      </h1>
      <p>
        Currency Converter App
      </p>
    </div>,
  ],
  "options": Object {},
  "renderer": ReactShallowRenderer {
    "_context": Object {},
    "_didScheduleRenderPhaseUpdate": false,
    "_dispatcher": Object {
      "readContext": [Function],
      "useCallback": [Function],
      "useContext": [Function],
      "useDebugValue": [Function],
      "useDeferredValue": [Function],
      "useEffect": [Function],
      "useImperativeHandle": [Function],
      "useLayoutEffect": [Function],
      "useMemo": [Function],
      "useReducer": [Function],
      "useRef": [Function],
      "useResponder": [Function],
      "useState": [Function],
      "useTransition": [Function],
    },
    "_element": <About />,
    "_firstWorkInProgressHook": null,
    "_forcedUpdate": false,
    "_instance": About {
      "context": Object {},
      "props": Object {},
      "refs": Object {},
      "state": null,
      "updater": Updater {
        "_callbacks": Array [],
        "_renderer": [Circular],
      },
    },
    "_isReRender": false,
    "_newState": null,
    "_numberOfReRenders": 0,
    "_renderPhaseUpdates": null,
    "_rendered": <div>
      <h1>
        About us
      </h1>
      <p>
        Currency Converter App
      </p>
    </div>,
    "_rendering": false,
    "_updater": Updater {
      "_callbacks": Array [],
      "_renderer": [Circular],
    },
    "_workInProgressHook": null,
    "getRenderOutput": [Function],
    "render": [Function],
  },
  "root": [Circular],
  "unrendered": <About />,
}
`;
