// Jest Snapshot v1, https://goo.gl/fbAQLP

exports[`Conversion Carousel renders correctly 1`] = `<Conversion />`;

exports[`Conversion should render Conversion correctly with shallow 1`] = `
ShallowWrapper {
  "complexSelector": ComplexSelector {
    "buildPredicate": [Function],
    "childrenOfNode": [Function],
    "findWhereUnwrapped": [Function],
  },
  "length": 1,
  "node": <div>
    <div
      className="row"
    >
      <div
        className="heading"
      >
        <span
          className="skills"
        >
          Please select source and output currencies for conversion
        </span>
      </div>
    </div>
    <div
      className="row conversion-container"
    >
      <div
        className="container-fields"
      >
        <label
          className="label-input"
          htmlFor="amount"
        >
          Amount
        </label>
        <input
          aria-label="Amount"
          className="input-field"
          id="amount"
          name="Amount"
          onChange={[Function]}
          type="number"
          value={1}
        />
      </div>
      <div
        className="container-fields"
      >
        <label
          className="label-input"
          htmlFor="currency-select-1"
        >
          Source Currency
        </label>
        <Select
          arrowRenderer={[Function]}
          autosize={true}
          backspaceRemoves={true}
          backspaceToRemoveMessage="Press backspace to remove {label}"
          className="select-field"
          clearAllText="Clear all"
          clearRenderer={[Function]}
          clearValueText="Clear value"
          clearable={true}
          closeOnSelect={true}
          deleteRemoves={true}
          delimiter=","
          disabled={false}
          escapeClearsValue={true}
          filterOptions={[Function]}
          id="currency-select-1"
          ignoreAccents={true}
          ignoreCase={true}
          inputProps={Object {}}
          isLoading={false}
          joinValues={false}
          labelKey="label"
          matchPos="any"
          matchProp="any"
          menuBuffer={0}
          menuRenderer={[Function]}
          multi={false}
          noResultsText="No results found"
          onBlurResetsInput={true}
          onChange={[Function]}
          onCloseResetsInput={true}
          onSelectResetsInput={true}
          openOnClick={true}
          optionComponent={[Function]}
          optionRenderer={[Function]}
          options={
            Array [
              Object {
                "imageUrl": "/images/currency/usd.svg",
                "label": "US Dollar",
                "value": "USD",
              },
              Object {
                "imageUrl": "/images/currency/eur.svg",
                "label": "Euro",
                "value": "EUR",
              },
              Object {
                "imageUrl": "/images/currency/jpy.svg",
                "label": "Japanese Yen",
                "value": "JPY",
              },
              Object {
                "imageUrl": "/images/currency/inr.svg",
                "label": "Indian Rupee",
                "value": "INR",
              },
              Object {
                "imageUrl": "/images/currency/gbp.svg",
                "label": "British Pound",
                "value": "GBP",
              },
              Object {
                "imageUrl": "/images/currency/cny.svg",
                "label": "Chinese Yuan",
                "value": "CNY",
              },
              Object {
                "imageUrl": "/images/currency/aud.svg",
                "label": "Australian Dollar",
                "value": "AUD",
              },
              Object {
                "imageUrl": "/images/currency/cad.svg",
                "label": "Canadian Dollar",
                "value": "CAD",
              },
              Object {
                "imageUrl": "/images/currency/chf.svg",
                "label": "Swiss Franc",
                "value": "CHF",
              },
              Object {
                "imageUrl": "/images/currency/aed.svg",
                "label": "Emirati Dirham",
                "value": "AED",
              },
            ]
          }
          pageSize={5}
          placeholder="Select..."
          removeSelected={true}
          required={false}
          rtl={false}
          scrollMenuIntoView={true}
          searchable={true}
          simpleValue={false}
          tabSelectsValue={true}
          trimFilter={true}
          value=""
          valueComponent={[Function]}
          valueKey="value"
        />
      </div>
      <div
        className="container-fields"
      >
        <div>
          <button
            aria-label="Swap currencies"
            className="swap-button-field"
            title="Swap currencies"
            type="button"
          >
            <i
              aria-hidden="true"
              className="fa fa-exchange fa-2x"
              onClick={[Function]}
            />
          </button>
        </div>
      </div>
      <div
        className="container-fields"
      >
        <label
          className="label-input"
          htmlFor="currency-select-2"
        >
          Output Currency
        </label>
        <Select
          arrowRenderer={[Function]}
          autosize={true}
          backspaceRemoves={true}
          backspaceToRemoveMessage="Press backspace to remove {label}"
          className="select-field"
          clearAllText="Clear all"
          clearRenderer={[Function]}
          clearValueText="Clear value"
          clearable={true}
          closeOnSelect={true}
          deleteRemoves={true}
          delimiter=","
          disabled={false}
          escapeClearsValue={true}
          filterOptions={[Function]}
          id="currency-select-2"
          ignoreAccents={true}
          ignoreCase={true}
          inputProps={Object {}}
          isLoading={false}
          joinValues={false}
          labelKey="label"
          matchPos="any"
          matchProp="any"
          menuBuffer={0}
          menuRenderer={[Function]}
          multi={false}
          noResultsText="No results found"
          onBlurResetsInput={true}
          onChange={[Function]}
          onCloseResetsInput={true}
          onSelectResetsInput={true}
          openOnClick={true}
          optionComponent={[Function]}
          optionRenderer={[Function]}
          options={
            Array [
              Object {
                "imageUrl": "/images/currency/usd.svg",
                "label": "US Dollar",
                "value": "USD",
              },
              Object {
                "imageUrl": "/images/currency/eur.svg",
                "label": "Euro",
                "value": "EUR",
              },
              Object {
                "imageUrl": "/images/currency/jpy.svg",
                "label": "Japanese Yen",
                "value": "JPY",
              },
              Object {
                "imageUrl": "/images/currency/inr.svg",
                "label": "Indian Rupee",
                "value": "INR",
              },
              Object {
                "imageUrl": "/images/currency/gbp.svg",
                "label": "British Pound",
                "value": "GBP",
              },
              Object {
                "imageUrl": "/images/currency/cny.svg",
                "label": "Chinese Yuan",
                "value": "CNY",
              },
              Object {
                "imageUrl": "/images/currency/aud.svg",
                "label": "Australian Dollar",
                "value": "AUD",
              },
              Object {
                "imageUrl": "/images/currency/cad.svg",
                "label": "Canadian Dollar",
                "value": "CAD",
              },
              Object {
                "imageUrl": "/images/currency/chf.svg",
                "label": "Swiss Franc",
                "value": "CHF",
              },
              Object {
                "imageUrl": "/images/currency/aed.svg",
                "label": "Emirati Dirham",
                "value": "AED",
              },
            ]
          }
          pageSize={5}
          placeholder="Select..."
          removeSelected={true}
          required={false}
          rtl={false}
          scrollMenuIntoView={true}
          searchable={true}
          simpleValue={false}
          tabSelectsValue={true}
          trimFilter={true}
          value=""
          valueComponent={[Function]}
          valueKey="value"
        />
      </div>
      <div
        className="container-fields"
      >
        <div>
          <button
            aria-label="convert currency"
            className="submit-button-field hidden-history"
            onClick={[Function]}
            title="convert currency"
            type="button"
          >
            <i
              aria-hidden="true"
              className="fa fa-arrow-circle-right fa-3x"
            />
          </button>
        </div>
      </div>
      
    </div>
  </div>,
  "nodes": Array [
    <div>
      <div
        className="row"
      >
        <div
          className="heading"
        >
          <span
            className="skills"
          >
            Please select source and output currencies for conversion
          </span>
        </div>
      </div>
      <div
        className="row conversion-container"
      >
        <div
          className="container-fields"
        >
          <label
            className="label-input"
            htmlFor="amount"
          >
            Amount
          </label>
          <input
            aria-label="Amount"
            className="input-field"
            id="amount"
            name="Amount"
            onChange={[Function]}
            type="number"
            value={1}
          />
        </div>
        <div
          className="container-fields"
        >
          <label
            className="label-input"
            htmlFor="currency-select-1"
          >
            Source Currency
          </label>
          <Select
            arrowRenderer={[Function]}
            autosize={true}
            backspaceRemoves={true}
            backspaceToRemoveMessage="Press backspace to remove {label}"
            className="select-field"
            clearAllText="Clear all"
            clearRenderer={[Function]}
            clearValueText="Clear value"
            clearable={true}
            closeOnSelect={true}
            deleteRemoves={true}
            delimiter=","
            disabled={false}
            escapeClearsValue={true}
            filterOptions={[Function]}
            id="currency-select-1"
            ignoreAccents={true}
            ignoreCase={true}
            inputProps={Object {}}
            isLoading={false}
            joinValues={false}
            labelKey="label"
            matchPos="any"
            matchProp="any"
            menuBuffer={0}
            menuRenderer={[Function]}
            multi={false}
            noResultsText="No results found"
            onBlurResetsInput={true}
            onChange={[Function]}
            onCloseResetsInput={true}
            onSelectResetsInput={true}
            openOnClick={true}
            optionComponent={[Function]}
            optionRenderer={[Function]}
            options={
              Array [
                Object {
                  "imageUrl": "/images/currency/usd.svg",
                  "label": "US Dollar",
                  "value": "USD",
                },
                Object {
                  "imageUrl": "/images/currency/eur.svg",
                  "label": "Euro",
                  "value": "EUR",
                },
                Object {
                  "imageUrl": "/images/currency/jpy.svg",
                  "label": "Japanese Yen",
                  "value": "JPY",
                },
                Object {
                  "imageUrl": "/images/currency/inr.svg",
                  "label": "Indian Rupee",
                  "value": "INR",
                },
                Object {
                  "imageUrl": "/images/currency/gbp.svg",
                  "label": "British Pound",
                  "value": "GBP",
                },
                Object {
                  "imageUrl": "/images/currency/cny.svg",
                  "label": "Chinese Yuan",
                  "value": "CNY",
                },
                Object {
                  "imageUrl": "/images/currency/aud.svg",
                  "label": "Australian Dollar",
                  "value": "AUD",
                },
                Object {
                  "imageUrl": "/images/currency/cad.svg",
                  "label": "Canadian Dollar",
                  "value": "CAD",
                },
                Object {
                  "imageUrl": "/images/currency/chf.svg",
                  "label": "Swiss Franc",
                  "value": "CHF",
                },
                Object {
                  "imageUrl": "/images/currency/aed.svg",
                  "label": "Emirati Dirham",
                  "value": "AED",
                },
              ]
            }
            pageSize={5}
            placeholder="Select..."
            removeSelected={true}
            required={false}
            rtl={false}
            scrollMenuIntoView={true}
            searchable={true}
            simpleValue={false}
            tabSelectsValue={true}
            trimFilter={true}
            value=""
            valueComponent={[Function]}
            valueKey="value"
          />
        </div>
        <div
          className="container-fields"
        >
          <div>
            <button
              aria-label="Swap currencies"
              className="swap-button-field"
              title="Swap currencies"
              type="button"
            >
              <i
                aria-hidden="true"
                className="fa fa-exchange fa-2x"
                onClick={[Function]}
              />
            </button>
          </div>
        </div>
        <div
          className="container-fields"
        >
          <label
            className="label-input"
            htmlFor="currency-select-2"
          >
            Output Currency
          </label>
          <Select
            arrowRenderer={[Function]}
            autosize={true}
            backspaceRemoves={true}
            backspaceToRemoveMessage="Press backspace to remove {label}"
            className="select-field"
            clearAllText="Clear all"
            clearRenderer={[Function]}
            clearValueText="Clear value"
            clearable={true}
            closeOnSelect={true}
            deleteRemoves={true}
            delimiter=","
            disabled={false}
            escapeClearsValue={true}
            filterOptions={[Function]}
            id="currency-select-2"
            ignoreAccents={true}
            ignoreCase={true}
            inputProps={Object {}}
            isLoading={false}
            joinValues={false}
            labelKey="label"
            matchPos="any"
            matchProp="any"
            menuBuffer={0}
            menuRenderer={[Function]}
            multi={false}
            noResultsText="No results found"
            onBlurResetsInput={true}
            onChange={[Function]}
            onCloseResetsInput={true}
            onSelectResetsInput={true}
            openOnClick={true}
            optionComponent={[Function]}
            optionRenderer={[Function]}
            options={
              Array [
                Object {
                  "imageUrl": "/images/currency/usd.svg",
                  "label": "US Dollar",
                  "value": "USD",
                },
                Object {
                  "imageUrl": "/images/currency/eur.svg",
                  "label": "Euro",
                  "value": "EUR",
                },
                Object {
                  "imageUrl": "/images/currency/jpy.svg",
                  "label": "Japanese Yen",
                  "value": "JPY",
                },
                Object {
                  "imageUrl": "/images/currency/inr.svg",
                  "label": "Indian Rupee",
                  "value": "INR",
                },
                Object {
                  "imageUrl": "/images/currency/gbp.svg",
                  "label": "British Pound",
                  "value": "GBP",
                },
                Object {
                  "imageUrl": "/images/currency/cny.svg",
                  "label": "Chinese Yuan",
                  "value": "CNY",
                },
                Object {
                  "imageUrl": "/images/currency/aud.svg",
                  "label": "Australian Dollar",
                  "value": "AUD",
                },
                Object {
                  "imageUrl": "/images/currency/cad.svg",
                  "label": "Canadian Dollar",
                  "value": "CAD",
                },
                Object {
                  "imageUrl": "/images/currency/chf.svg",
                  "label": "Swiss Franc",
                  "value": "CHF",
                },
                Object {
                  "imageUrl": "/images/currency/aed.svg",
                  "label": "Emirati Dirham",
                  "value": "AED",
                },
              ]
            }
            pageSize={5}
            placeholder="Select..."
            removeSelected={true}
            required={false}
            rtl={false}
            scrollMenuIntoView={true}
            searchable={true}
            simpleValue={false}
            tabSelectsValue={true}
            trimFilter={true}
            value=""
            valueComponent={[Function]}
            valueKey="value"
          />
        </div>
        <div
          className="container-fields"
        >
          <div>
            <button
              aria-label="convert currency"
              className="submit-button-field hidden-history"
              onClick={[Function]}
              title="convert currency"
              type="button"
            >
              <i
                aria-hidden="true"
                className="fa fa-arrow-circle-right fa-3x"
              />
            </button>
          </div>
        </div>
        
      </div>
    </div>,
  ],
  "options": Object {},
  "renderer": ReactShallowRenderer {
    "_context": Object {},
    "_didScheduleRenderPhaseUpdate": false,
    "_dispatcher": Object {
      "readContext": [Function],
      "useCallback": [Function],
      "useContext": [Function],
      "useDebugValue": [Function],
      "useDeferredValue": [Function],
      "useEffect": [Function],
      "useImperativeHandle": [Function],
      "useLayoutEffect": [Function],
      "useMemo": [Function],
      "useReducer": [Function],
      "useRef": [Function],
      "useResponder": [Function],
      "useState": [Function],
      "useTransition": [Function],
    },
    "_element": <Conversion />,
    "_firstWorkInProgressHook": null,
    "_forcedUpdate": false,
    "_instance": Conversion {
      "context": Object {},
      "customRenderer": [Function],
      "getConversionResult": [Function],
      "getHistoryDetails": [Function],
      "handleAmoutChange": [Function],
      "handleOutputCurrency": [Function],
      "handleSourceCurrency": [Function],
      "props": Object {},
      "refs": Object {},
      "state": Object {
        "amount": 1,
        "conversionResult": "",
        "currencyHistory": Array [],
        "currencyList": Array [
          Object {
            "imageUrl": "/images/currency/usd.svg",
            "label": "US Dollar",
            "value": "USD",
          },
          Object {
            "imageUrl": "/images/currency/eur.svg",
            "label": "Euro",
            "value": "EUR",
          },
          Object {
            "imageUrl": "/images/currency/jpy.svg",
            "label": "Japanese Yen",
            "value": "JPY",
          },
          Object {
            "imageUrl": "/images/currency/inr.svg",
            "label": "Indian Rupee",
            "value": "INR",
          },
          Object {
            "imageUrl": "/images/currency/gbp.svg",
            "label": "British Pound",
            "value": "GBP",
          },
          Object {
            "imageUrl": "/images/currency/cny.svg",
            "label": "Chinese Yuan",
            "value": "CNY",
          },
          Object {
            "imageUrl": "/images/currency/aud.svg",
            "label": "Australian Dollar",
            "value": "AUD",
          },
          Object {
            "imageUrl": "/images/currency/cad.svg",
            "label": "Canadian Dollar",
            "value": "CAD",
          },
          Object {
            "imageUrl": "/images/currency/chf.svg",
            "label": "Swiss Franc",
            "value": "CHF",
          },
          Object {
            "imageUrl": "/images/currency/aed.svg",
            "label": "Emirati Dirham",
            "value": "AED",
          },
        ],
        "outputCurrency": "",
        "showHistory": false,
        "sourceCurrency": "",
      },
      "swapCurrencies": [Function],
      "updater": Updater {
        "_callbacks": Array [],
        "_renderer": [Circular],
      },
    },
    "_isReRender": false,
    "_newState": null,
    "_numberOfReRenders": 0,
    "_renderPhaseUpdates": null,
    "_rendered": <div>
      <div
        className="row"
      >
        <div
          className="heading"
        >
          <span
            className="skills"
          >
            Please select source and output currencies for conversion
          </span>
        </div>
      </div>
      <div
        className="row conversion-container"
      >
        <div
          className="container-fields"
        >
          <label
            className="label-input"
            htmlFor="amount"
          >
            Amount
          </label>
          <input
            aria-label="Amount"
            className="input-field"
            id="amount"
            name="Amount"
            onChange={[Function]}
            type="number"
            value={1}
          />
        </div>
        <div
          className="container-fields"
        >
          <label
            className="label-input"
            htmlFor="currency-select-1"
          >
            Source Currency
          </label>
          <Select
            arrowRenderer={[Function]}
            autosize={true}
            backspaceRemoves={true}
            backspaceToRemoveMessage="Press backspace to remove {label}"
            className="select-field"
            clearAllText="Clear all"
            clearRenderer={[Function]}
            clearValueText="Clear value"
            clearable={true}
            closeOnSelect={true}
            deleteRemoves={true}
            delimiter=","
            disabled={false}
            escapeClearsValue={true}
            filterOptions={[Function]}
            id="currency-select-1"
            ignoreAccents={true}
            ignoreCase={true}
            inputProps={Object {}}
            isLoading={false}
            joinValues={false}
            labelKey="label"
            matchPos="any"
            matchProp="any"
            menuBuffer={0}
            menuRenderer={[Function]}
            multi={false}
            noResultsText="No results found"
            onBlurResetsInput={true}
            onChange={[Function]}
            onCloseResetsInput={true}
            onSelectResetsInput={true}
            openOnClick={true}
            optionComponent={[Function]}
            optionRenderer={[Function]}
            options={
              Array [
                Object {
                  "imageUrl": "/images/currency/usd.svg",
                  "label": "US Dollar",
                  "value": "USD",
                },
                Object {
                  "imageUrl": "/images/currency/eur.svg",
                  "label": "Euro",
                  "value": "EUR",
                },
                Object {
                  "imageUrl": "/images/currency/jpy.svg",
                  "label": "Japanese Yen",
                  "value": "JPY",
                },
                Object {
                  "imageUrl": "/images/currency/inr.svg",
                  "label": "Indian Rupee",
                  "value": "INR",
                },
                Object {
                  "imageUrl": "/images/currency/gbp.svg",
                  "label": "British Pound",
                  "value": "GBP",
                },
                Object {
                  "imageUrl": "/images/currency/cny.svg",
                  "label": "Chinese Yuan",
                  "value": "CNY",
                },
                Object {
                  "imageUrl": "/images/currency/aud.svg",
                  "label": "Australian Dollar",
                  "value": "AUD",
                },
                Object {
                  "imageUrl": "/images/currency/cad.svg",
                  "label": "Canadian Dollar",
                  "value": "CAD",
                },
                Object {
                  "imageUrl": "/images/currency/chf.svg",
                  "label": "Swiss Franc",
                  "value": "CHF",
                },
                Object {
                  "imageUrl": "/images/currency/aed.svg",
                  "label": "Emirati Dirham",
                  "value": "AED",
                },
              ]
            }
            pageSize={5}
            placeholder="Select..."
            removeSelected={true}
            required={false}
            rtl={false}
            scrollMenuIntoView={true}
            searchable={true}
            simpleValue={false}
            tabSelectsValue={true}
            trimFilter={true}
            value=""
            valueComponent={[Function]}
            valueKey="value"
          />
        </div>
        <div
          className="container-fields"
        >
          <div>
            <button
              aria-label="Swap currencies"
              className="swap-button-field"
              title="Swap currencies"
              type="button"
            >
              <i
                aria-hidden="true"
                className="fa fa-exchange fa-2x"
                onClick={[Function]}
              />
            </button>
          </div>
        </div>
        <div
          className="container-fields"
        >
          <label
            className="label-input"
            htmlFor="currency-select-2"
          >
            Output Currency
          </label>
          <Select
            arrowRenderer={[Function]}
            autosize={true}
            backspaceRemoves={true}
            backspaceToRemoveMessage="Press backspace to remove {label}"
            className="select-field"
            clearAllText="Clear all"
            clearRenderer={[Function]}
            clearValueText="Clear value"
            clearable={true}
            closeOnSelect={true}
            deleteRemoves={true}
            delimiter=","
            disabled={false}
            escapeClearsValue={true}
            filterOptions={[Function]}
            id="currency-select-2"
            ignoreAccents={true}
            ignoreCase={true}
            inputProps={Object {}}
            isLoading={false}
            joinValues={false}
            labelKey="label"
            matchPos="any"
            matchProp="any"
            menuBuffer={0}
            menuRenderer={[Function]}
            multi={false}
            noResultsText="No results found"
            onBlurResetsInput={true}
            onChange={[Function]}
            onCloseResetsInput={true}
            onSelectResetsInput={true}
            openOnClick={true}
            optionComponent={[Function]}
            optionRenderer={[Function]}
            options={
              Array [
                Object {
                  "imageUrl": "/images/currency/usd.svg",
                  "label": "US Dollar",
                  "value": "USD",
                },
                Object {
                  "imageUrl": "/images/currency/eur.svg",
                  "label": "Euro",
                  "value": "EUR",
                },
                Object {
                  "imageUrl": "/images/currency/jpy.svg",
                  "label": "Japanese Yen",
                  "value": "JPY",
                },
                Object {
                  "imageUrl": "/images/currency/inr.svg",
                  "label": "Indian Rupee",
                  "value": "INR",
                },
                Object {
                  "imageUrl": "/images/currency/gbp.svg",
                  "label": "British Pound",
                  "value": "GBP",
                },
                Object {
                  "imageUrl": "/images/currency/cny.svg",
                  "label": "Chinese Yuan",
                  "value": "CNY",
                },
                Object {
                  "imageUrl": "/images/currency/aud.svg",
                  "label": "Australian Dollar",
                  "value": "AUD",
                },
                Object {
                  "imageUrl": "/images/currency/cad.svg",
                  "label": "Canadian Dollar",
                  "value": "CAD",
                },
                Object {
                  "imageUrl": "/images/currency/chf.svg",
                  "label": "Swiss Franc",
                  "value": "CHF",
                },
                Object {
                  "imageUrl": "/images/currency/aed.svg",
                  "label": "Emirati Dirham",
                  "value": "AED",
                },
              ]
            }
            pageSize={5}
            placeholder="Select..."
            removeSelected={true}
            required={false}
            rtl={false}
            scrollMenuIntoView={true}
            searchable={true}
            simpleValue={false}
            tabSelectsValue={true}
            trimFilter={true}
            value=""
            valueComponent={[Function]}
            valueKey="value"
          />
        </div>
        <div
          className="container-fields"
        >
          <div>
            <button
              aria-label="convert currency"
              className="submit-button-field hidden-history"
              onClick={[Function]}
              title="convert currency"
              type="button"
            >
              <i
                aria-hidden="true"
                className="fa fa-arrow-circle-right fa-3x"
              />
            </button>
          </div>
        </div>
        
      </div>
    </div>,
    "_rendering": false,
    "_updater": Updater {
      "_callbacks": Array [],
      "_renderer": [Circular],
    },
    "_workInProgressHook": null,
    "getRenderOutput": [Function],
    "render": [Function],
  },
  "root": [Circular],
  "unrendered": <Conversion />,
}
`;
