// Jest Snapshot v1, https://goo.gl/fbAQLP

exports[`Home Home renders correctly 1`] = `<Home />`;

exports[`Home should render Home correctly with shallow 1`] = `
ShallowWrapper {
  "complexSelector": ComplexSelector {
    "buildPredicate": [Function],
    "childrenOfNode": [Function],
    "findWhereUnwrapped": [Function],
  },
  "length": 1,
  "node": <React.Fragment>
    <Conversion />
  </React.Fragment>,
  "nodes": Array [
    <React.Fragment>
      <Conversion />
    </React.Fragment>,
  ],
  "options": Object {},
  "renderer": ReactShallowRenderer {
    "_context": Object {},
    "_didScheduleRenderPhaseUpdate": false,
    "_dispatcher": Object {
      "readContext": [Function],
      "useCallback": [Function],
      "useContext": [Function],
      "useDebugValue": [Function],
      "useDeferredValue": [Function],
      "useEffect": [Function],
      "useImperativeHandle": [Function],
      "useLayoutEffect": [Function],
      "useMemo": [Function],
      "useReducer": [Function],
      "useRef": [Function],
      "useResponder": [Function],
      "useState": [Function],
      "useTransition": [Function],
    },
    "_element": <Home />,
    "_firstWorkInProgressHook": null,
    "_forcedUpdate": false,
    "_instance": Home {
      "context": Object {},
      "props": Object {},
      "refs": Object {},
      "state": null,
      "updater": Updater {
        "_callbacks": Array [],
        "_renderer": [Circular],
      },
    },
    "_isReRender": false,
    "_newState": null,
    "_numberOfReRenders": 0,
    "_renderPhaseUpdates": null,
    "_rendered": <React.Fragment>
      <Conversion />
    </React.Fragment>,
    "_rendering": false,
    "_updater": Updater {
      "_callbacks": Array [],
      "_renderer": [Circular],
    },
    "_workInProgressHook": null,
    "getRenderOutput": [Function],
    "render": [Function],
  },
  "root": [Circular],
  "unrendered": <Home />,
}
`;
